// Vitest Snapshot v1, https://vitest.dev/guide/snapshot.html

exports[`dashboard > renders the dashboard component 1`] = `
{
  "baseElement": <body>
    
  


    <div>
       User Dashboard 
    </div>
  </body>,
  "container": <div>
     User Dashboard 
  </div>,
  "debug": [Function],
  "emitted": [Function],
  "getByAltText": [Function],
  "getByLabelText": [Function],
  "getByPlaceholder": [Function],
  "getByRole": [Function],
  "getByTestId": [Function],
  "getByText": [Function],
  "getByTitle": [Function],
  "rerender": [Function],
  "unmount": [Function],
}
`;
